
> cvber-free-frontend@1.0.0 build
> next build

node.exe :  ΓÜá 
Warning: Next.js 
inferred your 
workspace root, but it 
may not be correct.
At line:1 char:1
+ & "C:\Program 
Files\nodejs/node.exe" 
"C:\Program 
Files\nodejs/node_mo 
...
+ ~~~~~~~~~~~~~~~~~~~~~
~~~~~~~~~~~~~~~~~~~~~~~
~~~~~~~~~~~~~~~~~~~~~~~
~~
    + CategoryInfo     
         : NotSpecifi  
  ed: ( ΓÜá Warning:   
  N...not be correc    
t.:String) [], Rem    
oteException
    + FullyQualifiedEr 
   rorId : NativeComm  
  andError
 
 We detected multiple 
lockfiles and selected 
the directory of C:\Use
rs\manoj\package-lock.j
son as the root 
directory.
 To silence this 
warning, set `outputFil
eTracingRoot` in your 
Next.js config, or 
consider removing one 
of the lockfiles if 
it's not needed.
   See https://nextjs.o
rg/docs/app/api-referen
ce/config/next-config-j
s/output#caveats for 
more information.
 Detected additional 
lockfiles: 
   * C:\Users\manoj\.ge
mini\antigravity\scratc
h\cvber-free\frontend\p
ackage-lock.json

   Γû▓ Next.js 15.5.9
   - Environments: .env.local
   - Experiments (use with caution):
     ┬╖ serverActions

   Creating an optimized production build ...
<w> [webpack.cache.Pack
FileCacheStrategy] 
Skipped not 
serializable cache 
item 'Compilation/modul
es|C:\Users\manoj\.gemi
ni\antigravity\scratch\
cvber-free\frontend\nod
e_modules\next\dist\bui
ld\webpack\loaders\css-
loader\src\index.js??ru
leSet[1].rules[14].oneO
f[10].use[2]!C:\Users\m
anoj\.gemini\antigravit
y\scratch\cvber-free\fr
ontend\node_modules\nex
t\dist\build\webpack\lo
aders\postcss-loader\sr
c\index.js??ruleSet[1].
rules[14].oneOf[10].use
[3]!C:\Users\manoj\.gem
ini\antigravity\scratch
\cvber-free\frontend\sr
c\app\globals.css': No 
serializer registered 
for PostCSSSyntaxError
<w> while serializing w
ebpack/lib/cache/PackFi
leCacheStrategy.PackCon
tentItems -> webpack/li
b/NormalModule -> webpa
ck/lib/ModuleBuildError
 -> PostCSSSyntaxError
Failed to compile.

./src/app/globals.css:4
0:9
Syntax error: C:\Users\
manoj\.gemini\antigravi
ty\scratch\cvber-free\f
rontend\src\app\globals
.css The `shadow-[0_0_2
0px_rgba(168,` class 
does not exist. If `sha
dow-[0_0_20px_rgba(168,
` is a custom class, 
make sure it is 
defined within a 
`@layer` directive.

 [90m 38 | 
[39m[36m@layer[39m 
components [33m{[39m
 [90m 39 | [39m    
[33m.btn-primary[39m 
[33m{[39m
[1m[31m>[39m[22m[9
0m 40 | [39m        
[36m@apply[39m 
relative bg-purple-600 
hover[33m:[39mbg-purp
le-500 text-white 
font-bold py-3 px-8 
rounded-xl 
transition-all 
duration-300 shadow-[3
3m[[39m[36m0_0_20px_r
gba[39m[36m(168, 85, 
247, 
0.3)[39m[33m][39m ho
ver[33m:[39mshadow-[
33m[[39m[36m0_0_30px_
rgba[39m[36m(168, 
85, 247, 
0.5)[39m[33m][39m ac
tive[33m:[39mscale-[
33m[[39m0.98[33m][39
m flex items-center 
justify-center 
gap-2[33m;[39m
 [90m    | [39m      
  [1m[31m^[39m[22m
 [90m 41 | [39m    
[33m}[39m
 [90m 42 | [39m

./src/app/globals.css
Syntax error: C:\Users\
manoj\.gemini\antigravi
ty\scratch\cvber-free\f
rontend\src\app\globals
.css The `shadow-[0_0_2
0px_rgba(168,` class 
does not exist. If `sha
dow-[0_0_20px_rgba(168,
` is a custom class, 
make sure it is 
defined within a 
`@layer` directive. 
(40:9)

 [90m 38 | 
[39m[36m@layer[39m 
components [33m{[39m
 [90m 39 | [39m    
[33m.btn-primary[39m 
[33m{[39m
[1m[31m>[39m[22m[9
0m 40 | [39m        
[36m@apply[39m 
relative bg-purple-600 
hover[33m:[39mbg-purp
le-500 text-white 
font-bold py-3 px-8 
rounded-xl 
transition-all 
duration-300 shadow-[3
3m[[39m[36m0_0_20px_r
gba[39m[36m(168, 85, 
247, 
0.3)[39m[33m][39m ho
ver[33m:[39mshadow-[
33m[[39m[36m0_0_30px_
rgba[39m[36m(168, 
85, 247, 
0.5)[39m[33m][39m ac
tive[33m:[39mscale-[
33m[[39m0.98[33m][39
m flex items-center 
justify-center 
gap-2[33m;[39m
 [90m    | [39m      
  [1m[31m^[39m[22m
 [90m 41 | [39m    
[33m}[39m
 [90m 42 | [39m

    at 
tryRunOrWebpackError (C
:\Users\manoj\.gemini\a
ntigravity\scratch\cvbe
r-free\frontend\node_mo
dules\next\dist\compile
d\webpack\bundle5.js:29
:316119)
    at __webpack_requir
e_module__ (C:\Users\ma
noj\.gemini\antigravity
\scratch\cvber-free\fro
ntend\node_modules\next
\dist\compiled\webpack\
bundle5.js:29:131532)
    at __nested_webpack
_require_161494__ (C:\U
sers\manoj\.gemini\anti
gravity\scratch\cvber-f
ree\frontend\node_modul
es\next\dist\compiled\w
ebpack\bundle5.js:29:13
0967)
    at C:\Users\manoj\.
gemini\antigravity\scra
tch\cvber-free\frontend
\node_modules\next\dist
\compiled\webpack\bundl
e5.js:29:131824
    at symbolIterator (
C:\Users\manoj\.gemini\
antigravity\scratch\cvb
er-free\frontend\node_m
odules\next\dist\compil
ed\neo-async\async.js:1
:14444)
    at done (C:\Users\m
anoj\.gemini\antigravit
y\scratch\cvber-free\fr
ontend\node_modules\nex
t\dist\compiled\neo-asy
nc\async.js:1:14824)
    at Hook.eval [as 
callAsync] (eval at 
create (C:\Users\manoj\
.gemini\antigravity\scr
atch\cvber-free\fronten
d\node_modules\next\dis
t\compiled\webpack\bund
le5.js:14:9224), 
<anonymous>:15:1)
    at Hook.CALL_ASYNC_
DELEGATE [as 
_callAsync] (C:\Users\m
anoj\.gemini\antigravit
y\scratch\cvber-free\fr
ontend\node_modules\nex
t\dist\compiled\webpack
\bundle5.js:14:6378)
    at C:\Users\manoj\.
gemini\antigravity\scra
tch\cvber-free\frontend
\node_modules\next\dist
\compiled\webpack\bundl
e5.js:29:130687
    at symbolIterator (
C:\Users\manoj\.gemini\
antigravity\scratch\cvb
er-free\frontend\node_m
odules\next\dist\compil
ed\neo-async\async.js:1
:14402)
-- inner error --
Syntax error: C:\Users\
manoj\.gemini\antigravi
ty\scratch\cvber-free\f
rontend\src\app\globals
.css The `shadow-[0_0_2
0px_rgba(168,` class 
does not exist. If `sha
dow-[0_0_20px_rgba(168,
` is a custom class, 
make sure it is 
defined within a 
`@layer` directive. 
(40:9)

 [90m 38 | 
[39m[36m@layer[39m 
components [33m{[39m
 [90m 39 | [39m    
[33m.btn-primary[39m 
[33m{[39m
[1m[31m>[39m[22m[9
0m 40 | [39m        
[36m@apply[39m 
relative bg-purple-600 
hover[33m:[39mbg-purp
le-500 text-white 
font-bold py-3 px-8 
rounded-xl 
transition-all 
duration-300 shadow-[3
3m[[39m[36m0_0_20px_r
gba[39m[36m(168, 85, 
247, 
0.3)[39m[33m][39m ho
ver[33m:[39mshadow-[
33m[[39m[36m0_0_30px_
rgba[39m[36m(168, 
85, 247, 
0.5)[39m[33m][39m ac
tive[33m:[39mscale-[
33m[[39m0.98[33m][39
m flex items-center 
justify-center 
gap-2[33m;[39m
 [90m    | [39m      
  [1m[31m^[39m[22m
 [90m 41 | [39m    
[33m}[39m
 [90m 42 | [39m

    at 
Object.<anonymous> (C:\
Users\manoj\.gemini\ant
igravity\scratch\cvber-
free\frontend\node_modu
les\next\dist\build\web
pack\loaders\css-loader
\src\index.js??ruleSet[
1].rules[14].oneOf[10].
use[2]!C:\Users\manoj\.
gemini\antigravity\scra
tch\cvber-free\frontend
\node_modules\next\dist
\build\webpack\loaders\
postcss-loader\src\inde
x.js??ruleSet[1].rules[
14].oneOf[10].use[3]!C:
\Users\manoj\.gemini\an
tigravity\scratch\cvber
-free\frontend\src\app\
globals.css:1:7)
    at C:\Users\manoj\.
gemini\antigravity\scra
tch\cvber-free\frontend
\node_modules\next\dist
\compiled\webpack\bundl
e5.js:29:962717
    at Hook.eval [as 
call] (eval at create (
C:\Users\manoj\.gemini\
antigravity\scratch\cvb
er-free\frontend\node_m
odules\next\dist\compil
ed\webpack\bundle5.js:1
4:9002), 
<anonymous>:7:1)
    at 
Hook.CALL_DELEGATE [as 
_call] (C:\Users\manoj\
.gemini\antigravity\scr
atch\cvber-free\fronten
d\node_modules\next\dis
t\compiled\webpack\bund
le5.js:14:6272)
    at C:\Users\manoj\.
gemini\antigravity\scra
tch\cvber-free\frontend
\node_modules\next\dist
\compiled\webpack\bundl
e5.js:29:131565
    at 
tryRunOrWebpackError (C
:\Users\manoj\.gemini\a
ntigravity\scratch\cvbe
r-free\frontend\node_mo
dules\next\dist\compile
d\webpack\bundle5.js:29
:316073)
    at __webpack_requir
e_module__ (C:\Users\ma
noj\.gemini\antigravity
\scratch\cvber-free\fro
ntend\node_modules\next
\dist\compiled\webpack\
bundle5.js:29:131532)
    at __nested_webpack
_require_161494__ (C:\U
sers\manoj\.gemini\anti
gravity\scratch\cvber-f
ree\frontend\node_modul
es\next\dist\compiled\w
ebpack\bundle5.js:29:13
0967)
    at C:\Users\manoj\.
gemini\antigravity\scra
tch\cvber-free\frontend
\node_modules\next\dist
\compiled\webpack\bundl
e5.js:29:131824
    at symbolIterator (
C:\Users\manoj\.gemini\
antigravity\scratch\cvb
er-free\frontend\node_m
odules\next\dist\compil
ed\neo-async\async.js:1
:14444)

Generated code for C:\U
sers\manoj\.gemini\anti
gravity\scratch\cvber-f
ree\frontend\node_modul
es\next\dist\build\webp
ack\loaders\css-loader\
src\index.js??ruleSet[1
].rules[14].oneOf[10].u
se[2]!C:\Users\manoj\.g
emini\antigravity\scrat
ch\cvber-free\frontend\
node_modules\next\dist\
build\webpack\loaders\p
ostcss-loader\src\index
.js??ruleSet[1].rules[1
4].oneOf[10].use[3]!C:\
Users\manoj\.gemini\ant
igravity\scratch\cvber-
free\frontend\src\app\g
lobals.css

Import trace for 
requested module:
./src/app/globals.css


> Build failed because 
of webpack errors
